iam mani shriya

Mani Shriya@LAPTOP-PNMSDI65 MINGW64 ~/Desktop/my repo
$ git init
Initialized empty Git repository in C:/Users/Mani Shriya/Desktop/my repo/.git/

Mani Shriya@LAPTOP-PNMSDI65 MINGW64 ~/Desktop/my repo (master)
$ ls -a
./  ../  .git/  text.txt

Mani Shriya@LAPTOP-PNMSDI65 MINGW64 ~/Desktop/my repo (master)
$ git status
On branch master

No commits yet

Untracked files:
  (use "git add <file>..." to include in what will be committed)
        text.txt

nothing added to commit but untracked files present (use "git add" to track)

Mani Shriya@LAPTOP-PNMSDI65 MINGW64 ~/Desktop/my repo (master)
$ git add text.txt


Mani Shriya@LAPTOP-PNMSDI65 MINGW64 ~/Desktop/my repo (master)
$

Mani Shriya@LAPTOP-PNMSDI65 MINGW64 ~/Desktop/my repo (master)
$ git status
On branch master

No commits yet

Changes to be committed:
  (use "git rm --cached <file>..." to unstage)
        new file:   text.txt


Mani Shriya@LAPTOP-PNMSDI65 MINGW64 ~/Desktop/my repo (master)
$ git commit -m "1st task done"
Author identity unknown

*** Please tell me who you are.

Run

  git config --global user.email "you@example.com"
  git config --global user.name "Your Name"

to set your account's default identity.
Omit --global to set the identity only in this repository.

fatal: unable to auto-detect email address (got 'Mani Shriya@LAPTOP-PNMSDI65.(none)')

Mani Shriya@LAPTOP-PNMSDI65 MINGW64 ~/Desktop/my repo (master)
$ git config --global user.email "mani.shriya2@gmail.com"

Mani Shriya@LAPTOP-PNMSDI65 MINGW64 ~/Desktop/my repo (master)
$ git config --global user.name "Mani Shriya"

Mani Shriya@LAPTOP-PNMSDI65 MINGW64 ~/Desktop/my repo (master)
$ git status
On branch master

No commits yet

Changes to be committed:
  (use "git rm --cached <file>..." to unstage)
        new file:   text.txt


Mani Shriya@LAPTOP-PNMSDI65 MINGW64 ~/Desktop/my repo (master)
$ git commit -m "1st task done"
[master (root-commit) bd4f38c] 1st task done
 1 file changed, 1 insertion(+)
 create mode 100644 text.txt

Mani Shriya@LAPTOP-PNMSDI65 MINGW64 ~/Desktop/my repo (master)
$ ^C

Mani Shriya@LAPTOP-PNMSDI65 MINGW64 ~/Desktop/my repo (master)
$ git status
On branch master
Changes not staged for commit:
  (use "git add <file>..." to update what will be committed)
  (use "git restore <file>..." to discard changes in working directory)
        modified:   text.txt

no changes added to commit (use "git add" and/or "git commit -a")

Mani Shriya@LAPTOP-PNMSDI65 MINGW64 ~/Desktop/my repo (master)
$ git add text.txt

Mani Shriya@LAPTOP-PNMSDI65 MINGW64 ~/Desktop/my repo (master)
$ git status
On branch master
Changes to be committed:
  (use "git restore --staged <file>..." to unstage)
        modified:   text.txt


Mani Shriya@LAPTOP-PNMSDI65 MINGW64 ~/Desktop/my repo (master)
$ git commit -m "2nd task done"
[master 77094f1] 2nd task done
 1 file changed, 83 insertions(+)

Mani Shriya@LAPTOP-PNMSDI65 MINGW64 ~/Desktop/my repo (master)



Mani Shriya@LAPTOP-PNMSDI65 MINGW64 ~/Desktop/my repo (master)
$ git branch
* master

Mani Shriya@LAPTOP-PNMSDI65 MINGW64 ~/Desktop/my repo (master)
$ git branch M

Mani Shriya@LAPTOP-PNMSDI65 MINGW64 ~/Desktop/my repo (master)
$ git branch
  M
* master

Mani Shriya@LAPTOP-PNMSDI65 MINGW64 ~/Desktop/my repo (master)
$ git branch S

Mani Shriya@LAPTOP-PNMSDI65 MINGW64 ~/Desktop/my repo (master)
$ git branch
  M
  S
* master

Mani Shriya@LAPTOP-PNMSDI65 MINGW64 ~/Desktop/my repo (master)
$ git checkout M
Switched to branch 'M'

Mani Shriya@LAPTOP-PNMSDI65 MINGW64 ~/Desktop/my repo (M)
$ git checkout main
error: pathspec 'main' did not match any file(s) known to git

Mani Shriya@LAPTOP-PNMSDI65 MINGW64 ~/Desktop/my repo (M)
$ git checkout master
Switched to branch 'master'

Mani Shriya@LAPTOP-PNMSDI65 MINGW64 ~/Desktop/my repo (master)
$ git bragit: 'brammch' is not a git command. See 'git --help'.

The most similar command is
        branch

Mani Shriya@LAPTOP-PNMSDI65 MINGW64 ~/Desktop/my repo (master)
$ git branch -D S
Deleted branch S (was b671801).

Mani Shriya@LAPTOP-PNMSDI65 MINGW64 ~/Desktop/my repo (master)
$ git branch
  M
* master

Mani Shriya@LAPTOP-PNMSDI65 MINGW64 ~/Desktop/my repo (master)
$ git branch -D M
Deleted branch M (was b671801).

Mani Shriya@LAPTOP-PNMSDI65 MINGW64 ~/Desktop/my repo (master)
$ git status
On branch master
nothing to commit, working tree clean

Mani Shriya@LAPTOP-PNMSDI65 MINGW64 ~/Desktop/my repo (master)
$ git checkout -b M
Switched to a new branch 'M'

Mani Shriya@LAPTOP-PNMSDI65 MINGW64 ~/Desktop/my repo (M)
$ git checkout -b master
fatal: a branch named 'master' already exists

Mani Shriya@LAPTOP-PNMSDI65 MINGW64 ~/Desktop/my repo (M)
$ git checkout master
Switched to branch 'master'

Mani Shriya@LAPTOP-PNMSDI65 MINGW64 ~/Desktop/my repo (master)
$ git branch
  M
* master

Mani Shriya@LAPTOP-PNMSDI65 MINGW64 ~/Desktop/my repo (master)
$ git branch -D M
Deleted branch M (was b671801).

Mani Shriya@LAPTOP-PNMSDI65 MINGW64 ~/Desktop/my repo (master)
$ git branch
* master

Mani Shriya@LAPTOP-PNMSDI65 MINGW64 ~/Desktop/my repo (master)
$ ls
mani.txt  text.txt

Mani Shriya@LAPTOP-PNMSDI65 MINGW64 ~/Desktop/my repo (master)
$ git branch -M main

Mani Shriya@LAPTOP-PNMSDI65 MINGW64 ~/Desktop/my repo (main)
$ git remote add origin https://github.com/Manishriya1/Realvariable.git

Mani Shriya@LAPTOP-PNMSDI65 MINGW64 ~/Desktop/my repo (main)
$ git push -u origin main

Enumerating objects: 10, done.
Counting objects: 100% (10/10), done.
Delta compression using up to 4 threads
Compressing objects: 100% (6/6), done.
Writing objects: 100% (10/10), 1.47 KiB | 24.00 KiB/s, done.
Total 10 (delta 1), reused 0 (delta 0), pack-reused 0
remote: Resolving deltas: 100% (1/1), done.
To https://github.com/Manishriya1/Realvariable.git
 * [new branch]      main -> main
branch 'main' set up to track 'origin/main'.

Mani Shriya@LAPTOP-PNMSDI65 MINGW64 ~/Desktop/my repo (main)
$

Mani Shriya@LAPTOP-PNMSDI65 MINGW64 ~/Desktop/my repo (main)
$


